###############################################################################
#
# IAR ELF Linker V8.30.2.160/W32 for ARM                  28/Jul/2021  14:38:24
# Copyright 2007-2018 IAR Systems AB.
#
#    Output file  =  
#        C:\Users\Sokolov\Documents\GitHub\BLDC_stand\MILANDR_PLC_IO\Debug\Exe\iks_mcu
#        - Debug.out
#    Map file     =  
#        C:\Users\Sokolov\Documents\GitHub\BLDC_stand\MILANDR_PLC_IO\Debug\List\iks_mcu
#        - Debug.map
#    Command line =  
#        -f C:\Users\Sokolov\AppData\Local\Temp\EWB801.tmp
#        (C:\Users\Sokolov\Documents\GitHub\BLDC_stand\MILANDR_PLC_IO\Debug\Obj\main.o
#        C:\Users\Sokolov\Documents\GitHub\BLDC_stand\MILANDR_PLC_IO\Debug\Obj\MDR1986VE1T_IT.o
#        C:\Users\Sokolov\Documents\GitHub\BLDC_stand\MILANDR_PLC_IO\Debug\Obj\MDR32F9Qx_adc.o
#        C:\Users\Sokolov\Documents\GitHub\BLDC_stand\MILANDR_PLC_IO\Debug\Obj\MDR32F9Qx_arinc429r.o
#        C:\Users\Sokolov\Documents\GitHub\BLDC_stand\MILANDR_PLC_IO\Debug\Obj\MDR32F9Qx_arinc429t.o
#        C:\Users\Sokolov\Documents\GitHub\BLDC_stand\MILANDR_PLC_IO\Debug\Obj\MDR32F9Qx_audio.o
#        C:\Users\Sokolov\Documents\GitHub\BLDC_stand\MILANDR_PLC_IO\Debug\Obj\MDR32F9Qx_bkp.o
#        C:\Users\Sokolov\Documents\GitHub\BLDC_stand\MILANDR_PLC_IO\Debug\Obj\MDR32F9Qx_can.o
#        C:\Users\Sokolov\Documents\GitHub\BLDC_stand\MILANDR_PLC_IO\Debug\Obj\MDR32F9Qx_comp.o
#        C:\Users\Sokolov\Documents\GitHub\BLDC_stand\MILANDR_PLC_IO\Debug\Obj\MDR32F9Qx_dac.o
#        C:\Users\Sokolov\Documents\GitHub\BLDC_stand\MILANDR_PLC_IO\Debug\Obj\MDR32F9Qx_dma.o
#        C:\Users\Sokolov\Documents\GitHub\BLDC_stand\MILANDR_PLC_IO\Debug\Obj\MDR32F9Qx_ebc.o
#        C:\Users\Sokolov\Documents\GitHub\BLDC_stand\MILANDR_PLC_IO\Debug\Obj\MDR32F9Qx_eeprom.o
#        C:\Users\Sokolov\Documents\GitHub\BLDC_stand\MILANDR_PLC_IO\Debug\Obj\MDR32F9Qx_eth.o
#        C:\Users\Sokolov\Documents\GitHub\BLDC_stand\MILANDR_PLC_IO\Debug\Obj\MDR32F9Qx_i2c.o
#        C:\Users\Sokolov\Documents\GitHub\BLDC_stand\MILANDR_PLC_IO\Debug\Obj\MDR32F9Qx_iwdg.o
#        C:\Users\Sokolov\Documents\GitHub\BLDC_stand\MILANDR_PLC_IO\Debug\Obj\MDR32F9Qx_keypad.o
#        C:\Users\Sokolov\Documents\GitHub\BLDC_stand\MILANDR_PLC_IO\Debug\Obj\MDR32F9Qx_led.o
#        C:\Users\Sokolov\Documents\GitHub\BLDC_stand\MILANDR_PLC_IO\Debug\Obj\MDR32F9Qx_mil_std_1553.o
#        C:\Users\Sokolov\Documents\GitHub\BLDC_stand\MILANDR_PLC_IO\Debug\Obj\MDR32F9Qx_port.o
#        C:\Users\Sokolov\Documents\GitHub\BLDC_stand\MILANDR_PLC_IO\Debug\Obj\MDR32F9Qx_power.o
#        C:\Users\Sokolov\Documents\GitHub\BLDC_stand\MILANDR_PLC_IO\Debug\Obj\MDR32F9Qx_rst_clk.o
#        C:\Users\Sokolov\Documents\GitHub\BLDC_stand\MILANDR_PLC_IO\Debug\Obj\MDR32F9Qx_ssp.o
#        C:\Users\Sokolov\Documents\GitHub\BLDC_stand\MILANDR_PLC_IO\Debug\Obj\MDR32F9Qx_timer.o
#        C:\Users\Sokolov\Documents\GitHub\BLDC_stand\MILANDR_PLC_IO\Debug\Obj\MDR32F9Qx_uart.o
#        C:\Users\Sokolov\Documents\GitHub\BLDC_stand\MILANDR_PLC_IO\Debug\Obj\MDR32F9Qx_usb.o
#        C:\Users\Sokolov\Documents\GitHub\BLDC_stand\MILANDR_PLC_IO\Debug\Obj\MDR32F9Qx_wwdg.o
#        C:\Users\Sokolov\Documents\GitHub\BLDC_stand\MILANDR_PLC_IO\Debug\Obj\startup_MDR1986VE1T.o
#        C:\Users\Sokolov\Documents\GitHub\BLDC_stand\MILANDR_PLC_IO\Debug\Obj\system_MDR1986VE1T.o
#        --no_out_extension -o
#        "C:\Users\Sokolov\Documents\GitHub\BLDC_stand\MILANDR_PLC_IO\Debug\Exe\iks_mcu
#        - Debug.out" --map
#        "C:\Users\Sokolov\Documents\GitHub\BLDC_stand\MILANDR_PLC_IO\Debug\List\iks_mcu
#        - Debug.map" --config "C:\Program Files (x86)\IAR Systems\Embedded
#        Workbench 8.1\arm\config\linker\Milandr\MDR1986VE1\MDR1986VE1.icf"
#        --semihosting --entry __iar_program_start --redirect
#        __write=__write_buffered --inline --no_exceptions --vfe --text_out
#        locale)
#
###############################################################################

*******************************************************************************
*** RUNTIME MODEL ATTRIBUTES
***

CppFlavor       = *
__SystemLibrary = DLib
__dlib_version  = 6


*******************************************************************************
*** HEAP SELECTION
***

The basic heap was selected because no calls to memory allocation
functions were found in the application outside of system library
functions, and there are calls to deallocation functions in the
application.


*******************************************************************************
*** PLACEMENT SUMMARY
***

"A0":  place at 0x0 { ro section .intvec };
"P1":  place in [from 0x0 to 0x1'ffff] { ro };
define block CSTACK with size = 4K, alignment = 8 { };
define block HEAP with size = 8K, alignment = 8 { };
"P2":  place in [from 0x2000'0000 to 0x2000'7fff] {
          rw, block CSTACK, block HEAP };
initialize by copy { rw };
keep { section .intvec };

No sections matched the following patterns:

  rw code                               in "P3"
  rw section EXECUTABLE_MEMORY_SECTION  in "P3"


  Section            Kind         Address    Size  Object
  -------            ----         -------    ----  ------
"A0":                                        0xc0
  .intvec            ro code          0x0    0xc0  startup_MDR1986VE1T.o [1]
                                   - 0xc0    0xc0

"P1":                                       0xf36
  .text              ro code         0xc0   0x59c  main.o [1]
  .text              ro code        0x65c    0xf4  system_MDR1986VE1T.o [1]
  .text              ro code        0x750   0x166  MDR32F9Qx_port.o [1]
  .text              ro code        0x8b8    0x24  MDR32F9Qx_rst_clk.o [1]
  .text              ro code        0x8dc   0x108  MDR32F9Qx_timer.o [1]
  .text              ro code        0x9e4   0x4a6  MDR1986VE1T_IT.o [1]
  .text              ro code        0xe8a    0x3c  packbits_init_single.o [3]
  .text              ro code        0xec8    0x28  data_init.o [3]
  .iar.init_table    const          0xef0    0x10  - Linker created -
  .text              ro code        0xf00    0x1e  cmain.o [3]
  .text              ro code        0xf1e     0x8  exit.o [2]
  .text              ro code        0xf28     0xa  cexit.o [3]
  .text              ro code        0xf34    0x14  exit.o [4]
  .text              ro code        0xf48    0x10  startup_MDR1986VE1T.o [1]
  .text              ro code        0xf58     0xc  cstartup_M.o [3]
  .text              ro code        0xf64     0x4  startup_MDR1986VE1T.o [1]
  .text              ro code        0xf68     0x4  startup_MDR1986VE1T.o [1]
  .text              ro code        0xf6c     0x4  startup_MDR1986VE1T.o [1]
  .text              ro code        0xf70     0x4  startup_MDR1986VE1T.o [1]
  .text              ro code        0xf74     0x4  startup_MDR1986VE1T.o [1]
  .text              ro code        0xf78     0x4  startup_MDR1986VE1T.o [1]
  .text              ro code        0xf7c     0x4  startup_MDR1986VE1T.o [1]
  .text              ro code        0xf80     0x4  startup_MDR1986VE1T.o [1]
  .text              ro code        0xf84     0x4  startup_MDR1986VE1T.o [1]
  .text              ro code        0xf88     0x4  startup_MDR1986VE1T.o [1]
  .text              ro code        0xf8c     0x4  startup_MDR1986VE1T.o [1]
  .text              ro code        0xf90     0x4  startup_MDR1986VE1T.o [1]
  .text              ro code        0xf94     0x4  startup_MDR1986VE1T.o [1]
  .text              ro code        0xf98     0x4  startup_MDR1986VE1T.o [1]
  .text              ro code        0xf9c     0x4  startup_MDR1986VE1T.o [1]
  .text              ro code        0xfa0     0x4  startup_MDR1986VE1T.o [1]
  .text              ro code        0xfa4     0x4  startup_MDR1986VE1T.o [1]
  .text              ro code        0xfa8     0x4  startup_MDR1986VE1T.o [1]
  .text              ro code        0xfac     0x4  startup_MDR1986VE1T.o [1]
  .text              ro code        0xfb0     0x4  startup_MDR1986VE1T.o [1]
  .text              ro code        0xfb4     0x4  startup_MDR1986VE1T.o [1]
  .text              ro code        0xfb8     0x4  startup_MDR1986VE1T.o [1]
  .text              ro code        0xfbc     0x4  startup_MDR1986VE1T.o [1]
  .text              ro code        0xfc0     0x4  startup_MDR1986VE1T.o [1]
  .text              ro code        0xfc4     0x4  startup_MDR1986VE1T.o [1]
  .text              ro code        0xfc8     0x4  startup_MDR1986VE1T.o [1]
  .text              ro code        0xfcc     0x4  startup_MDR1986VE1T.o [1]
  .text              ro code        0xfd0     0x4  startup_MDR1986VE1T.o [1]
  .text              ro code        0xfd4     0x4  startup_MDR1986VE1T.o [1]
  .text              ro code        0xfd8     0x4  startup_MDR1986VE1T.o [1]
  .text              ro code        0xfdc     0x4  startup_MDR1986VE1T.o [1]
  .text              ro code        0xfe0     0x4  startup_MDR1986VE1T.o [1]
  .text              ro code        0xfe4     0x4  startup_MDR1986VE1T.o [1]
  .text              ro code        0xfe8     0x4  startup_MDR1986VE1T.o [1]
  .text              ro code        0xfec     0x4  startup_MDR1986VE1T.o [1]
  .rodata            const          0xff0     0x0  packbits_init_single.o [3]
  Initializer bytes  const          0xff0     0x6  <for P2-1>
                                  - 0xff6   0xf36

"P2", part 1 of 2:                           0x48
  P2-1                        0x2000'0000    0x48  <Init block>
    .data            inited   0x2000'0000     0x4  system_MDR1986VE1T.o [1]
    .bss             inited   0x2000'0004     0x4  main.o [1]
    .bss             inited   0x2000'0008     0x4  main.o [1]
    .bss             inited   0x2000'000c     0x4  main.o [1]
    .bss             inited   0x2000'0010     0x4  main.o [1]
    .bss             inited   0x2000'0014     0x4  main.o [1]
    .bss             inited   0x2000'0018     0x4  main.o [1]
    .bss             inited   0x2000'001c     0x4  main.o [1]
    .bss             inited   0x2000'0020     0x4  main.o [1]
    .bss             inited   0x2000'0024     0x4  main.o [1]
    .bss             inited   0x2000'0028     0x4  main.o [1]
    .bss             inited   0x2000'002c     0x4  main.o [1]
    .bss             inited   0x2000'0030     0x4  main.o [1]
    .bss             inited   0x2000'0034     0x4  main.o [1]
    .bss             inited   0x2000'0038     0x2  main.o [1]
    .bss             inited   0x2000'003a     0x2  main.o [1]
    .bss             inited   0x2000'003c     0x2  main.o [1]
    .bss             inited   0x2000'003e     0x1  main.o [1]
    .bss             inited   0x2000'003f     0x1  main.o [1]
    .bss             inited   0x2000'0040     0x1  main.o [1]
    .bss             inited   0x2000'0041     0x1  main.o [1]
    .bss             inited   0x2000'0042     0x1  main.o [1]
    .bss             inited   0x2000'0043     0x1  main.o [1]
    .bss             inited   0x2000'0044     0x1  main.o [1]
    .bss             inited   0x2000'0045     0x1  main.o [1]
    .bss             inited   0x2000'0046     0x1  main.o [1]
    .bss             inited   0x2000'0047     0x1  main.o [1]
                            - 0x2000'0048    0x48

"P2", part 2 of 2:                         0x1000
  CSTACK                      0x2000'0048  0x1000  <Block>
    CSTACK           uninit   0x2000'0048  0x1000  <Block tail>
                            - 0x2000'1048  0x1000

Unused ranges:

         From           To      Size
         ----           --      ----
        0xff6     0x1'ffff  0x1'f00a
  0x2000'1048  0x2000'7fff    0x6fb8


*******************************************************************************
*** INIT TABLE
***

          Address      Size
          -------      ----
Copy/packbits (__iar_packbits_init_single3)
    1 source range, total size 0x6 (8% of destination):
                0xff0   0x6
    1 destination range, total size 0x48:
          0x2000'0000  0x48



*******************************************************************************
*** MODULE SUMMARY
***

    Module                  ro code  ro data  rw data
    ------                  -------  -------  -------
command line/config:
    -------------------------------------------------
    Total:

C:\Users\Sokolov\Documents\GitHub\BLDC_stand\MILANDR_PLC_IO\Debug\Obj: [1]
    MDR1986VE1T_IT.o          1 190
    MDR32F9Qx_port.o            358
    MDR32F9Qx_rst_clk.o          36
    MDR32F9Qx_timer.o           264
    main.o                    1 436        6       68
    startup_MDR1986VE1T.o       348
    system_MDR1986VE1T.o        244                 4
    -------------------------------------------------
    Total:                    3 876        6       72

dl6M_tln.a: [2]
    exit.o                        8
    -------------------------------------------------
    Total:                        8

rt6M_tl.a: [3]
    cexit.o                      10
    cmain.o                      30
    cstartup_M.o                 12
    data_init.o                  40
    packbits_init_single.o       60
    -------------------------------------------------
    Total:                      152

shb_l.a: [4]
    exit.o                       20
    -------------------------------------------------
    Total:                       20

    Gaps                          8
    Linker created                        16    4 096
-----------------------------------------------------
    Grand Total:              4 064       22    4 168


*******************************************************************************
*** ENTRY LIST
***

Entry                       Address   Size  Type      Object
-----                       -------   ----  ----      ------
.iar.init_table$$Base         0xef0          --   Gb  - Linker created -
.iar.init_table$$Limit        0xf00          --   Gb  - Linker created -
?main                         0xf01         Code  Gb  cmain.o [3]
ADC_IRQHandler                0xe71    0x2  Code  Gb  MDR1986VE1T_IT.o [1]
ARINC429R_IRQHandler          0xa03    0x2  Code  Gb  MDR1986VE1T_IT.o [1]
ARINC429T1_IRQHandler         0xe79    0x2  Code  Gb  MDR1986VE1T_IT.o [1]
ARINC429T2_IRQHandler         0xe7b    0x2  Code  Gb  MDR1986VE1T_IT.o [1]
ARINC429T3_IRQHandler         0xe7d    0x2  Code  Gb  MDR1986VE1T_IT.o [1]
ARINC429T4_IRQHandler         0xe7f    0x2  Code  Gb  MDR1986VE1T_IT.o [1]
BKP_IRQHandler                0xe81    0x2  Code  Gb  MDR1986VE1T_IT.o [1]
BUSY_IRQHandler               0xa01    0x2  Code  Gb  MDR1986VE1T_IT.o [1]
CAN1_IRQHandler               0x9f5    0x2  Code  Gb  MDR1986VE1T_IT.o [1]
CAN2_IRQHandler               0x9f7    0x2  Code  Gb  MDR1986VE1T_IT.o [1]
CSTACK$$Base            0x2000'0048          --   Gb  - Linker created -
CSTACK$$Limit           0x2000'1048          --   Gb  - Linker created -
DMA_IRQHandler                0x9f9    0x2  Code  Gb  MDR1986VE1T_IT.o [1]
Delay_cnt               0x2000'0028    0x4  Data  Gb  main.o [1]
ETHERNET_IRQHandler           0xe73    0x2  Code  Gb  MDR1986VE1T_IT.o [1]
EXT_INT1_IRQHandler           0xe83    0x2  Code  Gb  MDR1986VE1T_IT.o [1]
EXT_INT2_IRQHandler           0xe85    0x2  Code  Gb  MDR1986VE1T_IT.o [1]
EXT_INT3_IRQHandler           0xe87    0x2  Code  Gb  MDR1986VE1T_IT.o [1]
EXT_INT4_IRQHandler           0xe89    0x2  Code  Gb  MDR1986VE1T_IT.o [1]
Err_enable              0x2000'0045    0x1  Data  Gb  main.o [1]
GPIO_Init_GENERAL             0x13f   0x84  Code  Gb  main.o [1]
GPIO_Init_INPUT               0x1c3   0x5e  Code  Gb  main.o [1]
GPIO_Init_OUTPUT              0x221   0x4e  Code  Gb  main.o [1]
HardFault_Handler             0x9e7    0x4  Code  Gb  MDR1986VE1T_IT.o [1]
IN_Buf                  0x2000'0010    0x4  Data  Gb  main.o [1]
IN_Fault1               0x2000'0008    0x4  Data  Gb  main.o [1]
IN_Fault2               0x2000'000c    0x4  Data  Gb  main.o [1]
IN_State                0x2000'0004    0x4  Data  Gb  main.o [1]
LED_State               0x2000'0020    0x4  Data  Gb  main.o [1]
Led_Action                    0x4cd   0x52  Code  Gb  main.o [1]
Led_Number                    0x525   0x36  Code  Gb  main.o [1]
Led_Out                       0x457   0x72  Code  Gb  main.o [1]
MIL_STD_1553B1_IRQHandler
                              0x9f3    0x2  Code  Gb  MDR1986VE1T_IT.o [1]
MIL_STD_1553B2_IRQHandler
                              0x9f1    0x2  Code  Gb  MDR1986VE1T_IT.o [1]
NMI_Handler                   0x9e5    0x2  Code  Gb  MDR1986VE1T_IT.o [1]
NVIC_EnableIRQ                 0xc1    0xe  Code  Lc  main.o [1]
OUT_Buf                 0x2000'001c    0x4  Data  Gb  main.o [1]
OUT_Err                 0x2000'0018    0x4  Data  Gb  main.o [1]
OUT_Fault               0x2000'0044    0x1  Data  Gb  main.o [1]
OUT_State               0x2000'0014    0x4  Data  Gb  main.o [1]
PORT_Init                     0x751  0x10e  Code  Gb  MDR32F9Qx_port.o [1]
PORT_ReadInputDataBit         0x881   0x16  Code  Gb  MDR32F9Qx_port.o [1]
PORT_StructInit               0x85f   0x1a  Code  Gb  MDR32F9Qx_port.o [1]
PORT_ToggleBit                0x897   0x20  Code  Gb  MDR32F9Qx_port.o [1]
POWER_IRQHandler              0xa05    0x2  Code  Gb  MDR1986VE1T_IT.o [1]
PendSV_Handler                0x9ed    0x2  Code  Gb  MDR1986VE1T_IT.o [1]
RST_CLK_PCLKcmd               0x8b9   0x1e  Code  Gb  MDR32F9Qx_rst_clk.o [1]
Read_Pin                      0x2db   0x32  Code  Gb  main.o [1]
Region$$Table$$Base           0xef0          --   Gb  - Linker created -
Region$$Table$$Limit          0xf00          --   Gb  - Linker created -
Reset_Buf                     0x429   0x18  Code  Gb  main.o [1]
S                       0x2000'003e    0x1  Data  Gb  main.o [1]
S1                      0x2000'003f    0x1  Data  Gb  main.o [1]
S1_buf                  0x2000'0041    0x1  Data  Gb  main.o [1]
S1_cnt                  0x2000'003c    0x2  Data  Gb  main.o [1]
SSP1_IRQHandler               0x9ff    0x2  Code  Gb  MDR1986VE1T_IT.o [1]
SSP2_IRQHandler               0xe77    0x2  Code  Gb  MDR1986VE1T_IT.o [1]
SSP3_IRQHandler               0xe75    0x2  Code  Gb  MDR1986VE1T_IT.o [1]
SVC_Handler                   0x9eb    0x2  Code  Gb  MDR1986VE1T_IT.o [1]
SWITCH_State            0x2000'0024    0x4  Data  Gb  main.o [1]
S_buf                   0x2000'0040    0x1  Data  Gb  main.o [1]
S_cnt                   0x2000'003a    0x2  Data  Gb  main.o [1]
Search_Fault            0x2000'0043    0x1  Data  Gb  main.o [1]
Set_Buf                       0x441   0x16  Code  Gb  main.o [1]
Switch_indicate               0x5d1   0x66  Code  Gb  main.o [1]
Switch_update                 0x561   0x70  Code  Gb  main.o [1]
SysTick_Handler               0x9ef    0x2  Code  Gb  MDR1986VE1T_IT.o [1]
SystemCoreClock         0x2000'0000    0x4  Data  Gb  system_MDR1986VE1T.o [1]
SystemCoreClockUpdate         0x65d   0x80  Code  Gb  system_MDR1986VE1T.o [1]
SystemInit                    0x6dd   0x48  Code  Gb  system_MDR1986VE1T.o [1]
TIMER_BRGInit                 0x94f   0x76  Code  Gb  MDR32F9Qx_timer.o [1]
TIMER_ClearFlag               0x931    0x8  Code  Gb  MDR32F9Qx_timer.o [1]
TIMER_Cmd                     0x915   0x1c  Code  Gb  MDR32F9Qx_timer.o [1]
TIMER_CntInit                 0x8dd   0x38  Code  Gb  MDR32F9Qx_timer.o [1]
TIMER_ITConfig                0x939   0x16  Code  Gb  MDR32F9Qx_timer.o [1]
Test_Pin                      0x31d   0x26  Code  Gb  main.o [1]
Test_Pin_Start1               0x343    0xe  Code  Gb  main.o [1]
Test_Pin_Start2               0x367    0xe  Code  Gb  main.o [1]
Test_Pin_Stop1                0x359    0xe  Code  Gb  main.o [1]
Test_Pin_Stop2                0x375    0xe  Code  Gb  main.o [1]
Timer1_IRQHandler             0xa0d  0x426  Code  Gb  MDR1986VE1T_IT.o [1]
Timer1_Init                   0x26f   0x6c  Code  Gb  main.o [1]
Timer2_IRQHandler             0xe6d    0x2  Code  Gb  MDR1986VE1T_IT.o [1]
Timer3_IRQHandler             0xe6f    0x2  Code  Gb  MDR1986VE1T_IT.o [1]
Timer4_IRQHandler             0xa09    0x2  Code  Gb  MDR1986VE1T_IT.o [1]
UART1_IRQHandler              0x9fb    0x2  Code  Gb  MDR1986VE1T_IT.o [1]
UART2_IRQHandler              0x9fd    0x2  Code  Gb  MDR1986VE1T_IT.o [1]
WWDG_IRQHandler               0xa07    0x2  Code  Gb  MDR1986VE1T_IT.o [1]
Write_VT                      0x399   0x84  Code  Gb  main.o [1]
__cmain                       0xf01         Code  Gb  cmain.o [3]
__exit                        0xf35   0x14  Code  Gb  exit.o [4]
__iar_data_init3              0xec9   0x28  Code  Gb  data_init.o [3]
__iar_packbits_init_single3
                              0xe8b   0x3c  Code  Gb  packbits_init_single.o [3]
__iar_program_start           0xf59         Code  Gb  cstartup_M.o [3]
__vector_table                  0x0         Data  Gb  startup_MDR1986VE1T.o [1]
_call_main                    0xf0d         Code  Gb  cmain.o [3]
_exit                         0xf29         Code  Gb  cexit.o [3]
_main                         0xf1b         Code  Gb  cmain.o [3]
buf_state               0x2000'0046    0x1  Data  Gb  main.o [1]
ch                      0x2000'0042    0x1  Data  Gb  main.o [1]
cnt                     0x2000'002c    0x4  Data  Gb  main.o [1]
cnt_impl                0x2000'0030    0x4  Data  Gb  main.o [1]
cnt_run_led             0x2000'0034    0x4  Data  Gb  main.o [1]
exit                          0xf1f    0x8  Code  Gb  exit.o [2]
main                           0xcf   0x70  Code  Gb  main.o [1]
selected_mode           0x2000'0047    0x1  Data  Gb  main.o [1]
toggle_led              0x2000'0038    0x2  Data  Gb  main.o [1]


[1] = C:\Users\Sokolov\Documents\GitHub\BLDC_stand\MILANDR_PLC_IO\Debug\Obj
[2] = dl6M_tln.a
[3] = rt6M_tl.a
[4] = shb_l.a

  4 064 bytes of readonly  code memory
     22 bytes of readonly  data memory
  4 168 bytes of readwrite data memory

Errors: none
Warnings: none
