###############################################################################
#
# IAR ELF Linker V8.30.2.160/W32 for ARM                  20/Aug/2021  16:16:21
# Copyright 2007-2018 IAR Systems AB.
#
#    Output file  =  
#        D:\users\Anton\Documents\GitHub\MILANDR_PLC_IO\Debug\Exe\iks_mcu -
#        Debug.out
#    Map file     =  
#        D:\users\Anton\Documents\GitHub\MILANDR_PLC_IO\Debug\List\iks_mcu -
#        Debug.map
#    Command line =  
#        -f C:\Users\freem\AppData\Local\Temp\EW77B5.tmp
#        (D:\users\Anton\Documents\GitHub\MILANDR_PLC_IO\Debug\Obj\EtherCAT_driver.o
#        D:\users\Anton\Documents\GitHub\MILANDR_PLC_IO\Debug\Obj\main.o
#        D:\users\Anton\Documents\GitHub\MILANDR_PLC_IO\Debug\Obj\MDR1986VE1T_IT.o
#        D:\users\Anton\Documents\GitHub\MILANDR_PLC_IO\Debug\Obj\MDR32F9Qx_adc.o
#        D:\users\Anton\Documents\GitHub\MILANDR_PLC_IO\Debug\Obj\MDR32F9Qx_arinc429r.o
#        D:\users\Anton\Documents\GitHub\MILANDR_PLC_IO\Debug\Obj\MDR32F9Qx_arinc429t.o
#        D:\users\Anton\Documents\GitHub\MILANDR_PLC_IO\Debug\Obj\MDR32F9Qx_audio.o
#        D:\users\Anton\Documents\GitHub\MILANDR_PLC_IO\Debug\Obj\MDR32F9Qx_bkp.o
#        D:\users\Anton\Documents\GitHub\MILANDR_PLC_IO\Debug\Obj\MDR32F9Qx_can.o
#        D:\users\Anton\Documents\GitHub\MILANDR_PLC_IO\Debug\Obj\MDR32F9Qx_comp.o
#        D:\users\Anton\Documents\GitHub\MILANDR_PLC_IO\Debug\Obj\MDR32F9Qx_dac.o
#        D:\users\Anton\Documents\GitHub\MILANDR_PLC_IO\Debug\Obj\MDR32F9Qx_dma.o
#        D:\users\Anton\Documents\GitHub\MILANDR_PLC_IO\Debug\Obj\MDR32F9Qx_ebc.o
#        D:\users\Anton\Documents\GitHub\MILANDR_PLC_IO\Debug\Obj\MDR32F9Qx_eeprom.o
#        D:\users\Anton\Documents\GitHub\MILANDR_PLC_IO\Debug\Obj\MDR32F9Qx_eth.o
#        D:\users\Anton\Documents\GitHub\MILANDR_PLC_IO\Debug\Obj\MDR32F9Qx_i2c.o
#        D:\users\Anton\Documents\GitHub\MILANDR_PLC_IO\Debug\Obj\MDR32F9Qx_iwdg.o
#        D:\users\Anton\Documents\GitHub\MILANDR_PLC_IO\Debug\Obj\MDR32F9Qx_keypad.o
#        D:\users\Anton\Documents\GitHub\MILANDR_PLC_IO\Debug\Obj\MDR32F9Qx_led.o
#        D:\users\Anton\Documents\GitHub\MILANDR_PLC_IO\Debug\Obj\MDR32F9Qx_mil_std_1553.o
#        D:\users\Anton\Documents\GitHub\MILANDR_PLC_IO\Debug\Obj\MDR32F9Qx_port.o
#        D:\users\Anton\Documents\GitHub\MILANDR_PLC_IO\Debug\Obj\MDR32F9Qx_power.o
#        D:\users\Anton\Documents\GitHub\MILANDR_PLC_IO\Debug\Obj\MDR32F9Qx_rst_clk.o
#        D:\users\Anton\Documents\GitHub\MILANDR_PLC_IO\Debug\Obj\MDR32F9Qx_ssp.o
#        D:\users\Anton\Documents\GitHub\MILANDR_PLC_IO\Debug\Obj\MDR32F9Qx_timer.o
#        D:\users\Anton\Documents\GitHub\MILANDR_PLC_IO\Debug\Obj\MDR32F9Qx_uart.o
#        D:\users\Anton\Documents\GitHub\MILANDR_PLC_IO\Debug\Obj\MDR32F9Qx_usb.o
#        D:\users\Anton\Documents\GitHub\MILANDR_PLC_IO\Debug\Obj\MDR32F9Qx_wwdg.o
#        D:\users\Anton\Documents\GitHub\MILANDR_PLC_IO\Debug\Obj\startup_MDR1986VE1T.o
#        D:\users\Anton\Documents\GitHub\MILANDR_PLC_IO\Debug\Obj\system_MDR1986VE1T.o
#        --no_out_extension -o
#        "D:\users\Anton\Documents\GitHub\MILANDR_PLC_IO\Debug\Exe\iks_mcu -
#        Debug.out" --map
#        "D:\users\Anton\Documents\GitHub\MILANDR_PLC_IO\Debug\List\iks_mcu -
#        Debug.map" --config "C:\Program Files (x86)\IAR Systems\Embedded
#        Workbench 8.1\arm\config\linker\Milandr\MDR1986VE1\MDR1986VE1.icf"
#        --semihosting --entry __iar_program_start --redirect
#        __write=__write_buffered --inline --no_exceptions --vfe --text_out
#        locale)
#
###############################################################################

*******************************************************************************
*** RUNTIME MODEL ATTRIBUTES
***

CppFlavor       = *
__SystemLibrary = DLib
__dlib_version  = 6


*******************************************************************************
*** HEAP SELECTION
***

The basic heap was selected because no calls to memory allocation
functions were found in the application outside of system library
functions, and there are calls to deallocation functions in the
application.


*******************************************************************************
*** PLACEMENT SUMMARY
***

"A0":  place at 0x0 { ro section .intvec };
"P1":  place in [from 0x0 to 0x1'ffff] { ro };
define block CSTACK with size = 4K, alignment = 8 { };
define block HEAP with size = 8K, alignment = 8 { };
"P2":  place in [from 0x2000'0000 to 0x2000'7fff] {
          rw, block CSTACK, block HEAP };
initialize by copy { rw };
keep { section .intvec };

No sections matched the following patterns:

  rw code                               in "P3"
  rw section EXECUTABLE_MEMORY_SECTION  in "P3"


  Section            Kind         Address    Size  Object
  -------            ----         -------    ----  ------
"A0":                                        0xc0
  .intvec            ro code          0x0    0xc0  startup_MDR1986VE1T.o [1]
                                   - 0xc0    0xc0

"P1":                                      0x12cc
  .text              ro code         0xc0   0x5ac  main.o [1]
  .text              ro code        0x66c    0xf4  system_MDR1986VE1T.o [1]
  .text              ro code        0x760   0x2d8  EtherCAT_driver.o [1]
  .text              ro code        0xa38   0x166  MDR32F9Qx_port.o [1]
  .text              ro code        0xba0    0x24  MDR32F9Qx_rst_clk.o [1]
  .text              ro code        0xbc4   0x108  MDR32F9Qx_timer.o [1]
  .text              ro code        0xccc    0xf4  MDR32F9Qx_ssp.o [1]
  .text              ro code        0xdc0   0x4a6  MDR1986VE1T_IT.o [1]
  .text              ro code       0x1266    0x3c  zero_init3.o [3]
  .text              ro code       0x12a2    0x30  copy_init3.o [3]
  .text              ro code       0x12d4    0x28  data_init.o [3]
  .iar.init_table    const         0x12fc    0x24  - Linker created -
  .text              ro code       0x1320    0x1e  cmain.o [3]
  .text              ro code       0x133e     0x8  exit.o [2]
  .text              ro code       0x1348     0xa  cexit.o [3]
  .text              ro code       0x1354    0x14  exit.o [4]
  .text              ro code       0x1368    0x10  startup_MDR1986VE1T.o [1]
  .text              ro code       0x1378     0xc  cstartup_M.o [3]
  .text              ro code       0x1384     0x4  startup_MDR1986VE1T.o [1]
  Initializer bytes  const         0x1388     0x4  <for P2-1>
  .rodata            const         0x138c     0x0  zero_init3.o [3]
  .rodata            const         0x138c     0x0  copy_init3.o [3]
                                 - 0x138c  0x12cc

"P2", part 1 of 3:                            0x4
  P2-1                        0x2000'0000     0x4  <Init block>
    .data            inited   0x2000'0000     0x4  system_MDR1986VE1T.o [1]
                            - 0x2000'0004     0x4

"P2", part 2 of 3:                           0x64
  .bss               zero     0x2000'0004    0x20  EtherCAT_driver.o [1]
  .bss               zero     0x2000'0024     0x4  main.o [1]
  .bss               zero     0x2000'0028     0x4  main.o [1]
  .bss               zero     0x2000'002c     0x4  main.o [1]
  .bss               zero     0x2000'0030     0x4  main.o [1]
  .bss               zero     0x2000'0034     0x4  main.o [1]
  .bss               zero     0x2000'0038     0x4  main.o [1]
  .bss               zero     0x2000'003c     0x4  main.o [1]
  .bss               zero     0x2000'0040     0x4  main.o [1]
  .bss               zero     0x2000'0044     0x4  main.o [1]
  .bss               zero     0x2000'0048     0x4  main.o [1]
  .bss               zero     0x2000'004c     0x4  main.o [1]
  .bss               zero     0x2000'0050     0x4  main.o [1]
  .bss               zero     0x2000'0054     0x4  main.o [1]
  .bss               zero     0x2000'0058     0x2  main.o [1]
  .bss               zero     0x2000'005a     0x2  main.o [1]
  .bss               zero     0x2000'005c     0x2  main.o [1]
  .bss               zero     0x2000'005e     0x1  main.o [1]
  .bss               zero     0x2000'005f     0x1  main.o [1]
  .bss               zero     0x2000'0060     0x1  main.o [1]
  .bss               zero     0x2000'0061     0x1  main.o [1]
  .bss               zero     0x2000'0062     0x1  main.o [1]
  .bss               zero     0x2000'0063     0x1  main.o [1]
  .bss               zero     0x2000'0064     0x1  main.o [1]
  .bss               zero     0x2000'0065     0x1  main.o [1]
  .bss               zero     0x2000'0066     0x1  main.o [1]
  .bss               zero     0x2000'0067     0x1  main.o [1]
                            - 0x2000'0068    0x64

"P2", part 3 of 3:                         0x1000
  CSTACK                      0x2000'0068  0x1000  <Block>
    CSTACK           uninit   0x2000'0068  0x1000  <Block tail>
                            - 0x2000'1068  0x1000

Unused ranges:

         From           To      Size
         ----           --      ----
       0x138c     0x1'ffff  0x1'ec74
  0x2000'1068  0x2000'7fff    0x6f98


*******************************************************************************
*** INIT TABLE
***

          Address      Size
          -------      ----
Zero (__iar_zero_init3)
    1 destination range, total size 0x64:
          0x2000'0004  0x64

Copy (__iar_copy_init3)
    1 source range, total size 0x4:
               0x1388   0x4
    1 destination range, total size 0x4:
          0x2000'0000   0x4



*******************************************************************************
*** MODULE SUMMARY
***

    Module                 ro code  ro data  rw data
    ------                 -------  -------  -------
command line/config:
    ------------------------------------------------
    Total:

D:\users\Anton\Documents\GitHub\MILANDR_PLC_IO\Debug\Obj: [1]
    EtherCAT_driver.o          728                32
    MDR1986VE1T_IT.o         1 190
    MDR32F9Qx_port.o           358
    MDR32F9Qx_rst_clk.o         36
    MDR32F9Qx_ssp.o            244
    MDR32F9Qx_timer.o          264
    main.o                   1 452                68
    startup_MDR1986VE1T.o      212
    system_MDR1986VE1T.o       244        4        4
    ------------------------------------------------
    Total:                   4 728        4      104

dl6M_tln.a: [2]
    exit.o                       8
    ------------------------------------------------
    Total:                       8

rt6M_tl.a: [3]
    cexit.o                     10
    cmain.o                     30
    copy_init3.o                48
    cstartup_M.o                12
    data_init.o                 40
    zero_init3.o                60
    ------------------------------------------------
    Total:                     200

shb_l.a: [4]
    exit.o                      20
    ------------------------------------------------
    Total:                      20

    Gaps                         8
    Linker created                       36    4 096
----------------------------------------------------
    Grand Total:             4 964       40    4 200


*******************************************************************************
*** ENTRY LIST
***

Entry                       Address   Size  Type      Object
-----                       -------   ----  ----      ------
.iar.init_table$$Base        0x12fc          --   Gb  - Linker created -
.iar.init_table$$Limit       0x1320          --   Gb  - Linker created -
?main                        0x1321         Code  Gb  cmain.o [3]
ADC_IRQHandler               0x124d    0x2  Code  Gb  MDR1986VE1T_IT.o [1]
ARINC429R_IRQHandler          0xddf    0x2  Code  Gb  MDR1986VE1T_IT.o [1]
ARINC429T1_IRQHandler        0x1255    0x2  Code  Gb  MDR1986VE1T_IT.o [1]
ARINC429T2_IRQHandler        0x1257    0x2  Code  Gb  MDR1986VE1T_IT.o [1]
ARINC429T3_IRQHandler        0x1259    0x2  Code  Gb  MDR1986VE1T_IT.o [1]
ARINC429T4_IRQHandler        0x125b    0x2  Code  Gb  MDR1986VE1T_IT.o [1]
BKP_IRQHandler               0x125d    0x2  Code  Gb  MDR1986VE1T_IT.o [1]
BUSY_IRQHandler               0xddd    0x2  Code  Gb  MDR1986VE1T_IT.o [1]
CAN1_IRQHandler               0xdd1    0x2  Code  Gb  MDR1986VE1T_IT.o [1]
CAN2_IRQHandler               0xdd3    0x2  Code  Gb  MDR1986VE1T_IT.o [1]
CSTACK$$Base            0x2000'0068          --   Gb  - Linker created -
CSTACK$$Limit           0x2000'1068          --   Gb  - Linker created -
DMA_IRQHandler                0xdd5    0x2  Code  Gb  MDR1986VE1T_IT.o [1]
Delay_cnt               0x2000'0048    0x4  Data  Gb  main.o [1]
ETHERNET_IRQHandler          0x124f    0x2  Code  Gb  MDR1986VE1T_IT.o [1]
EXT_INT1_IRQHandler          0x125f    0x2  Code  Gb  MDR1986VE1T_IT.o [1]
EXT_INT2_IRQHandler          0x1261    0x2  Code  Gb  MDR1986VE1T_IT.o [1]
EXT_INT3_IRQHandler          0x1263    0x2  Code  Gb  MDR1986VE1T_IT.o [1]
EXT_INT4_IRQHandler          0x1265    0x2  Code  Gb  MDR1986VE1T_IT.o [1]
Err_enable              0x2000'0065    0x1  Data  Gb  main.o [1]
EtherCATDevice          0x2000'0004   0x20  Data  Gb  EtherCAT_driver.o [1]
EtherCAT_Init                 0x96d   0xbe  Code  Gb  EtherCAT_driver.o [1]
GPIO_Init_GENERAL             0x155   0x84  Code  Gb  main.o [1]
GPIO_Init_INPUT               0x1d9   0x5e  Code  Gb  main.o [1]
GPIO_Init_OUTPUT              0x237   0x4e  Code  Gb  main.o [1]
HardFault_Handler             0xdc3    0x4  Code  Gb  MDR1986VE1T_IT.o [1]
IN_Buf                  0x2000'0030    0x4  Data  Gb  main.o [1]
IN_Fault1               0x2000'0028    0x4  Data  Gb  main.o [1]
IN_Fault2               0x2000'002c    0x4  Data  Gb  main.o [1]
IN_State                0x2000'0024    0x4  Data  Gb  main.o [1]
LED_State               0x2000'0040    0x4  Data  Gb  main.o [1]
Led_Action                    0x4d5   0x52  Code  Gb  main.o [1]
Led_Number                    0x531   0x36  Code  Gb  main.o [1]
Led_Out                       0x45f   0x72  Code  Gb  main.o [1]
MIL_STD_1553B1_IRQHandler
                              0xdcf    0x2  Code  Gb  MDR1986VE1T_IT.o [1]
MIL_STD_1553B2_IRQHandler
                              0xdcd    0x2  Code  Gb  MDR1986VE1T_IT.o [1]
NMI_Handler                   0xdc1    0x2  Code  Gb  MDR1986VE1T_IT.o [1]
NVIC_EnableIRQ                 0xc1    0xe  Code  Lc  main.o [1]
OUT_Buf                 0x2000'003c    0x4  Data  Gb  main.o [1]
OUT_Err                 0x2000'0038    0x4  Data  Gb  main.o [1]
OUT_Fault               0x2000'0064    0x1  Data  Gb  main.o [1]
OUT_State               0x2000'0034    0x4  Data  Gb  main.o [1]
PORT_Init                     0xa39  0x10e  Code  Gb  MDR32F9Qx_port.o [1]
PORT_ReadInputDataBit         0xb69   0x16  Code  Gb  MDR32F9Qx_port.o [1]
PORT_StructInit               0xb47   0x1a  Code  Gb  MDR32F9Qx_port.o [1]
PORT_ToggleBit                0xb7f   0x20  Code  Gb  MDR32F9Qx_port.o [1]
POWER_IRQHandler              0xde1    0x2  Code  Gb  MDR1986VE1T_IT.o [1]
PendSV_Handler                0xdc9    0x2  Code  Gb  MDR1986VE1T_IT.o [1]
RST_CLK_PCLKcmd               0xba1   0x1e  Code  Gb  MDR32F9Qx_rst_clk.o [1]
Read_Pin                      0x2f1   0x32  Code  Gb  main.o [1]
Region$$Table$$Base          0x12fc          --   Gb  - Linker created -
Region$$Table$$Limit         0x1320          --   Gb  - Linker created -
Reset_Buf                     0x431   0x18  Code  Gb  main.o [1]
S                       0x2000'005e    0x1  Data  Gb  main.o [1]
S1                      0x2000'005f    0x1  Data  Gb  main.o [1]
S1_buf                  0x2000'0061    0x1  Data  Gb  main.o [1]
S1_cnt                  0x2000'005c    0x2  Data  Gb  main.o [1]
SPIReadRegisterDirect         0x89b   0x5e  Code  Gb  EtherCAT_driver.o [1]
SPIWriteRegisterDirect        0x8f9   0x5a  Code  Gb  EtherCAT_driver.o [1]
SPI_Init                      0x761   0xaa  Code  Gb  EtherCAT_driver.o [1]
SPI_TransferRx                0x85b   0x40  Code  Gb  EtherCAT_driver.o [1]
SPI_TransferTx                0x80b   0x28  Code  Gb  EtherCAT_driver.o [1]
SPI_TransferTxLast            0x833   0x28  Code  Gb  EtherCAT_driver.o [1]
SSP1_IRQHandler               0xddb    0x2  Code  Gb  MDR1986VE1T_IT.o [1]
SSP2_IRQHandler              0x1253    0x2  Code  Gb  MDR1986VE1T_IT.o [1]
SSP3_IRQHandler              0x1251    0x2  Code  Gb  MDR1986VE1T_IT.o [1]
SSP_BRGInit                   0xd5b   0x4a  Code  Gb  MDR32F9Qx_ssp.o [1]
SSP_Cmd                       0xd1f   0x1e  Code  Gb  MDR32F9Qx_ssp.o [1]
SSP_DeInit                    0xccd   0x12  Code  Gb  MDR32F9Qx_ssp.o [1]
SSP_GetFlagStatus             0xd45   0x16  Code  Gb  MDR32F9Qx_ssp.o [1]
SSP_Init                      0xcdf   0x28  Code  Gb  MDR32F9Qx_ssp.o [1]
SSP_SendData                  0xd3d    0x8  Code  Gb  MDR32F9Qx_ssp.o [1]
SSP_StructInit                0xd07   0x18  Code  Gb  MDR32F9Qx_ssp.o [1]
SVC_Handler                   0xdc7    0x2  Code  Gb  MDR1986VE1T_IT.o [1]
SWITCH_State            0x2000'0044    0x4  Data  Gb  main.o [1]
S_buf                   0x2000'0060    0x1  Data  Gb  main.o [1]
S_cnt                   0x2000'005a    0x2  Data  Gb  main.o [1]
Search_Fault            0x2000'0063    0x1  Data  Gb  main.o [1]
Set_Buf                       0x449   0x16  Code  Gb  main.o [1]
Switch_indicate               0x5e5   0x66  Code  Gb  main.o [1]
Switch_update                 0x575   0x70  Code  Gb  main.o [1]
SysTick_Handler               0xdcb    0x2  Code  Gb  MDR1986VE1T_IT.o [1]
SystemCoreClock         0x2000'0000    0x4  Data  Gb  system_MDR1986VE1T.o [1]
SystemCoreClockUpdate         0x66d   0x80  Code  Gb  system_MDR1986VE1T.o [1]
SystemInit                    0x6ed   0x48  Code  Gb  system_MDR1986VE1T.o [1]
TIMER_BRGInit                 0xc37   0x76  Code  Gb  MDR32F9Qx_timer.o [1]
TIMER_ClearFlag               0xc19    0x8  Code  Gb  MDR32F9Qx_timer.o [1]
TIMER_Cmd                     0xbfd   0x1c  Code  Gb  MDR32F9Qx_timer.o [1]
TIMER_CntInit                 0xbc5   0x38  Code  Gb  MDR32F9Qx_timer.o [1]
TIMER_ITConfig                0xc21   0x16  Code  Gb  MDR32F9Qx_timer.o [1]
Test_Pin                      0x323   0x26  Code  Gb  main.o [1]
Test_Pin_Start1               0x349    0xe  Code  Gb  main.o [1]
Test_Pin_Start2               0x365    0xe  Code  Gb  main.o [1]
Test_Pin_Stop1                0x357    0xe  Code  Gb  main.o [1]
Test_Pin_Stop2                0x373    0xe  Code  Gb  main.o [1]
Timer1_IRQHandler             0xde9  0x426  Code  Gb  MDR1986VE1T_IT.o [1]
Timer1_Init                   0x285   0x6c  Code  Gb  main.o [1]
Timer2_IRQHandler            0x1249    0x2  Code  Gb  MDR1986VE1T_IT.o [1]
Timer3_IRQHandler            0x124b    0x2  Code  Gb  MDR1986VE1T_IT.o [1]
Timer4_IRQHandler             0xde5    0x2  Code  Gb  MDR1986VE1T_IT.o [1]
UART1_IRQHandler              0xdd7    0x2  Code  Gb  MDR1986VE1T_IT.o [1]
UART2_IRQHandler              0xdd9    0x2  Code  Gb  MDR1986VE1T_IT.o [1]
WWDG_IRQHandler               0xde3    0x2  Code  Gb  MDR1986VE1T_IT.o [1]
Write_VT                      0x39d   0x84  Code  Gb  main.o [1]
__cmain                      0x1321         Code  Gb  cmain.o [3]
__exit                       0x1355   0x14  Code  Gb  exit.o [4]
__iar_copy_init3             0x12a3   0x30  Code  Gb  copy_init3.o [3]
__iar_data_init3             0x12d5   0x28  Code  Gb  data_init.o [3]
__iar_program_start          0x1379         Code  Gb  cstartup_M.o [3]
__iar_zero_init3             0x1267   0x3c  Code  Gb  zero_init3.o [3]
__vector_table                  0x0         Data  Gb  startup_MDR1986VE1T.o [1]
_call_main                   0x132d         Code  Gb  cmain.o [3]
_exit                        0x1349         Code  Gb  cexit.o [3]
_main                        0x133b         Code  Gb  cmain.o [3]
buf_state               0x2000'0066    0x1  Data  Gb  main.o [1]
ch                      0x2000'0062    0x1  Data  Gb  main.o [1]
cnt                     0x2000'004c    0x4  Data  Gb  main.o [1]
cnt_impl                0x2000'0050    0x4  Data  Gb  main.o [1]
cnt_run_led             0x2000'0054    0x4  Data  Gb  main.o [1]
exit                         0x133f    0x8  Code  Gb  exit.o [2]
main                           0xcf   0x86  Code  Gb  main.o [1]
selected_mode           0x2000'0067    0x1  Data  Gb  main.o [1]
toggle_led              0x2000'0058    0x2  Data  Gb  main.o [1]


[1] = D:\users\Anton\Documents\GitHub\MILANDR_PLC_IO\Debug\Obj
[2] = dl6M_tln.a
[3] = rt6M_tl.a
[4] = shb_l.a

  4 964 bytes of readonly  code memory
     40 bytes of readonly  data memory
  4 200 bytes of readwrite data memory

Errors: none
Warnings: none
