###############################################################################
#
# IAR ELF Linker V8.30.2.160/W32 for ARM                  26/Jul/2021  15:55:39
# Copyright 2007-2018 IAR Systems AB.
#
#    Output file  =  
#        C:\Users\Sokolov\Documents\GitHub\BLDC_stand\MILANDR_PLC_IO\Debug\Exe\iks_mcu
#        - Debug.out
#    Map file     =  
#        C:\Users\Sokolov\Documents\GitHub\BLDC_stand\MILANDR_PLC_IO\Debug\List\iks_mcu
#        - Debug.map
#    Command line =  
#        -f C:\Users\Sokolov\AppData\Local\Temp\EWF91A.tmp
#        (C:\Users\Sokolov\Documents\GitHub\BLDC_stand\MILANDR_PLC_IO\Debug\Obj\main.o
#        C:\Users\Sokolov\Documents\GitHub\BLDC_stand\MILANDR_PLC_IO\Debug\Obj\MDR1986VE1T_IT.o
#        C:\Users\Sokolov\Documents\GitHub\BLDC_stand\MILANDR_PLC_IO\Debug\Obj\MDR32F9Qx_adc.o
#        C:\Users\Sokolov\Documents\GitHub\BLDC_stand\MILANDR_PLC_IO\Debug\Obj\MDR32F9Qx_arinc429r.o
#        C:\Users\Sokolov\Documents\GitHub\BLDC_stand\MILANDR_PLC_IO\Debug\Obj\MDR32F9Qx_arinc429t.o
#        C:\Users\Sokolov\Documents\GitHub\BLDC_stand\MILANDR_PLC_IO\Debug\Obj\MDR32F9Qx_audio.o
#        C:\Users\Sokolov\Documents\GitHub\BLDC_stand\MILANDR_PLC_IO\Debug\Obj\MDR32F9Qx_bkp.o
#        C:\Users\Sokolov\Documents\GitHub\BLDC_stand\MILANDR_PLC_IO\Debug\Obj\MDR32F9Qx_can.o
#        C:\Users\Sokolov\Documents\GitHub\BLDC_stand\MILANDR_PLC_IO\Debug\Obj\MDR32F9Qx_comp.o
#        C:\Users\Sokolov\Documents\GitHub\BLDC_stand\MILANDR_PLC_IO\Debug\Obj\MDR32F9Qx_dac.o
#        C:\Users\Sokolov\Documents\GitHub\BLDC_stand\MILANDR_PLC_IO\Debug\Obj\MDR32F9Qx_dma.o
#        C:\Users\Sokolov\Documents\GitHub\BLDC_stand\MILANDR_PLC_IO\Debug\Obj\MDR32F9Qx_ebc.o
#        C:\Users\Sokolov\Documents\GitHub\BLDC_stand\MILANDR_PLC_IO\Debug\Obj\MDR32F9Qx_eeprom.o
#        C:\Users\Sokolov\Documents\GitHub\BLDC_stand\MILANDR_PLC_IO\Debug\Obj\MDR32F9Qx_eth.o
#        C:\Users\Sokolov\Documents\GitHub\BLDC_stand\MILANDR_PLC_IO\Debug\Obj\MDR32F9Qx_i2c.o
#        C:\Users\Sokolov\Documents\GitHub\BLDC_stand\MILANDR_PLC_IO\Debug\Obj\MDR32F9Qx_iwdg.o
#        C:\Users\Sokolov\Documents\GitHub\BLDC_stand\MILANDR_PLC_IO\Debug\Obj\MDR32F9Qx_keypad.o
#        C:\Users\Sokolov\Documents\GitHub\BLDC_stand\MILANDR_PLC_IO\Debug\Obj\MDR32F9Qx_led.o
#        C:\Users\Sokolov\Documents\GitHub\BLDC_stand\MILANDR_PLC_IO\Debug\Obj\MDR32F9Qx_mil_std_1553.o
#        C:\Users\Sokolov\Documents\GitHub\BLDC_stand\MILANDR_PLC_IO\Debug\Obj\MDR32F9Qx_port.o
#        C:\Users\Sokolov\Documents\GitHub\BLDC_stand\MILANDR_PLC_IO\Debug\Obj\MDR32F9Qx_power.o
#        C:\Users\Sokolov\Documents\GitHub\BLDC_stand\MILANDR_PLC_IO\Debug\Obj\MDR32F9Qx_rst_clk.o
#        C:\Users\Sokolov\Documents\GitHub\BLDC_stand\MILANDR_PLC_IO\Debug\Obj\MDR32F9Qx_ssp.o
#        C:\Users\Sokolov\Documents\GitHub\BLDC_stand\MILANDR_PLC_IO\Debug\Obj\MDR32F9Qx_timer.o
#        C:\Users\Sokolov\Documents\GitHub\BLDC_stand\MILANDR_PLC_IO\Debug\Obj\MDR32F9Qx_uart.o
#        C:\Users\Sokolov\Documents\GitHub\BLDC_stand\MILANDR_PLC_IO\Debug\Obj\MDR32F9Qx_usb.o
#        C:\Users\Sokolov\Documents\GitHub\BLDC_stand\MILANDR_PLC_IO\Debug\Obj\MDR32F9Qx_wwdg.o
#        C:\Users\Sokolov\Documents\GitHub\BLDC_stand\MILANDR_PLC_IO\Debug\Obj\startup_MDR1986VE1T.o
#        C:\Users\Sokolov\Documents\GitHub\BLDC_stand\MILANDR_PLC_IO\Debug\Obj\system_MDR1986VE1T.o
#        --no_out_extension -o
#        "C:\Users\Sokolov\Documents\GitHub\BLDC_stand\MILANDR_PLC_IO\Debug\Exe\iks_mcu
#        - Debug.out" --map
#        "C:\Users\Sokolov\Documents\GitHub\BLDC_stand\MILANDR_PLC_IO\Debug\List\iks_mcu
#        - Debug.map" --config "C:\Program Files (x86)\IAR Systems\Embedded
#        Workbench 8.1\arm\config\linker\Milandr\MDR1986VE1\MDR1986VE1.icf"
#        --semihosting --entry __iar_program_start --redirect
#        __write=__write_buffered --inline --no_exceptions --vfe --text_out
#        locale)
#
###############################################################################

*******************************************************************************
*** RUNTIME MODEL ATTRIBUTES
***

CppFlavor       = *
__SystemLibrary = DLib
__dlib_version  = 6


*******************************************************************************
*** HEAP SELECTION
***

The basic heap was selected because no calls to memory allocation
functions were found in the application outside of system library
functions, and there are calls to deallocation functions in the
application.


*******************************************************************************
*** PLACEMENT SUMMARY
***

"A0":  place at 0x0 { ro section .intvec };
"P1":  place in [from 0x0 to 0x1'ffff] { ro };
define block CSTACK with size = 4K, alignment = 8 { };
define block HEAP with size = 8K, alignment = 8 { };
"P2":  place in [from 0x2000'0000 to 0x2000'7fff] {
          rw, block CSTACK, block HEAP };
initialize by copy { rw };
keep { section .intvec };

No sections matched the following patterns:

  rw code                               in "P3"
  rw section EXECUTABLE_MEMORY_SECTION  in "P3"


  Section            Kind         Address    Size  Object
  -------            ----         -------    ----  ------
"A0":                                        0xc0
  .intvec            ro code          0x0    0xc0  startup_MDR1986VE1T.o [1]
                                   - 0xc0    0xc0

"P1":                                       0x9cd
  .text              ro code         0xc0   0x3a0  main.o [1]
  .text              ro code        0x460    0xf4  system_MDR1986VE1T.o [1]
  .text              ro code        0x554   0x166  MDR32F9Qx_port.o [1]
  .text              ro code        0x6bc    0x24  MDR32F9Qx_rst_clk.o [1]
  .text              ro code        0x6e0   0x108  MDR32F9Qx_timer.o [1]
  .text              ro code        0x7e8   0x136  MDR1986VE1T_IT.o [1]
  .text              ro code        0x91e    0x3c  packbits_init_single.o [3]
  .text              ro code        0x95c    0x28  data_init.o [3]
  .iar.init_table    const          0x984    0x10  - Linker created -
  .text              ro code        0x994    0x1e  cmain.o [3]
  .text              ro code        0x9b2     0x8  exit.o [2]
  .text              ro code        0x9bc     0xa  cexit.o [3]
  .text              ro code        0x9c8    0x14  exit.o [4]
  .text              ro code        0x9dc    0x10  startup_MDR1986VE1T.o [1]
  .text              ro code        0x9ec     0xc  cstartup_M.o [3]
  .text              ro code        0x9f8     0x4  startup_MDR1986VE1T.o [1]
  .text              ro code        0x9fc     0x4  startup_MDR1986VE1T.o [1]
  .text              ro code        0xa00     0x4  startup_MDR1986VE1T.o [1]
  .text              ro code        0xa04     0x4  startup_MDR1986VE1T.o [1]
  .text              ro code        0xa08     0x4  startup_MDR1986VE1T.o [1]
  .text              ro code        0xa0c     0x4  startup_MDR1986VE1T.o [1]
  .text              ro code        0xa10     0x4  startup_MDR1986VE1T.o [1]
  .text              ro code        0xa14     0x4  startup_MDR1986VE1T.o [1]
  .text              ro code        0xa18     0x4  startup_MDR1986VE1T.o [1]
  .text              ro code        0xa1c     0x4  startup_MDR1986VE1T.o [1]
  .text              ro code        0xa20     0x4  startup_MDR1986VE1T.o [1]
  .text              ro code        0xa24     0x4  startup_MDR1986VE1T.o [1]
  .text              ro code        0xa28     0x4  startup_MDR1986VE1T.o [1]
  .text              ro code        0xa2c     0x4  startup_MDR1986VE1T.o [1]
  .text              ro code        0xa30     0x4  startup_MDR1986VE1T.o [1]
  .text              ro code        0xa34     0x4  startup_MDR1986VE1T.o [1]
  .text              ro code        0xa38     0x4  startup_MDR1986VE1T.o [1]
  .text              ro code        0xa3c     0x4  startup_MDR1986VE1T.o [1]
  .text              ro code        0xa40     0x4  startup_MDR1986VE1T.o [1]
  .text              ro code        0xa44     0x4  startup_MDR1986VE1T.o [1]
  .text              ro code        0xa48     0x4  startup_MDR1986VE1T.o [1]
  .text              ro code        0xa4c     0x4  startup_MDR1986VE1T.o [1]
  .text              ro code        0xa50     0x4  startup_MDR1986VE1T.o [1]
  .text              ro code        0xa54     0x4  startup_MDR1986VE1T.o [1]
  .text              ro code        0xa58     0x4  startup_MDR1986VE1T.o [1]
  .text              ro code        0xa5c     0x4  startup_MDR1986VE1T.o [1]
  .text              ro code        0xa60     0x4  startup_MDR1986VE1T.o [1]
  .text              ro code        0xa64     0x4  startup_MDR1986VE1T.o [1]
  .text              ro code        0xa68     0x4  startup_MDR1986VE1T.o [1]
  .text              ro code        0xa6c     0x4  startup_MDR1986VE1T.o [1]
  .text              ro code        0xa70     0x4  startup_MDR1986VE1T.o [1]
  .text              ro code        0xa74     0x4  startup_MDR1986VE1T.o [1]
  .text              ro code        0xa78     0x4  startup_MDR1986VE1T.o [1]
  .text              ro code        0xa7c     0x4  startup_MDR1986VE1T.o [1]
  .text              ro code        0xa80     0x4  startup_MDR1986VE1T.o [1]
  .rodata            const          0xa84     0x0  packbits_init_single.o [3]
  Initializer bytes  const          0xa84     0x9  <for P2-1>
                                  - 0xa8d   0x9cd

"P2", part 1 of 2:                           0x30
  P2-1                        0x2000'0000    0x30  <Init block>
    .data            inited   0x2000'0000     0x4  system_MDR1986VE1T.o [1]
    .bss             inited   0x2000'0004     0x4  main.o [1]
    .bss             inited   0x2000'0008     0x4  main.o [1]
    .bss             inited   0x2000'000c     0x4  main.o [1]
    .bss             inited   0x2000'0010     0x4  main.o [1]
    .bss             inited   0x2000'0014     0x4  main.o [1]
    .bss             inited   0x2000'0018     0x4  main.o [1]
    .bss             inited   0x2000'001c     0x4  main.o [1]
    .bss             inited   0x2000'0020     0x4  main.o [1]
    .bss             inited   0x2000'0024     0x4  MDR1986VE1T_IT.o [1]
    .bss             inited   0x2000'0028     0x2  main.o [1]
    .bss             inited   0x2000'002a     0x2  main.o [1]
    .bss             inited   0x2000'002c     0x2  main.o [1]
    .data            inited   0x2000'002e     0x1  MDR1986VE1T_IT.o [1]
    .bss             inited   0x2000'002f     0x1  main.o [1]
                            - 0x2000'0030    0x30

"P2", part 2 of 2:                         0x1000
  CSTACK                      0x2000'0030  0x1000  <Block>
    CSTACK           uninit   0x2000'0030  0x1000  <Block tail>
                            - 0x2000'1030  0x1000

Unused ranges:

         From           To      Size
         ----           --      ----
        0xa8d     0x1'ffff  0x1'f573
  0x2000'1030  0x2000'7fff    0x6fd0


*******************************************************************************
*** INIT TABLE
***

          Address      Size
          -------      ----
Copy/packbits (__iar_packbits_init_single3)
    1 source range, total size 0x9 (18% of destination):
                0xa84   0x9
    1 destination range, total size 0x30:
          0x2000'0000  0x30



*******************************************************************************
*** MODULE SUMMARY
***

    Module                  ro code  ro data  rw data
    ------                  -------  -------  -------
command line/config:
    -------------------------------------------------
    Total:

C:\Users\Sokolov\Documents\GitHub\BLDC_stand\MILANDR_PLC_IO\Debug\Obj: [1]
    MDR1986VE1T_IT.o            310        1        5
    MDR32F9Qx_port.o            358
    MDR32F9Qx_rst_clk.o          36
    MDR32F9Qx_timer.o           264
    main.o                      928        8       39
    startup_MDR1986VE1T.o       348
    system_MDR1986VE1T.o        244                 4
    -------------------------------------------------
    Total:                    2 488        9       48

dl6M_tln.a: [2]
    exit.o                        8
    -------------------------------------------------
    Total:                        8

rt6M_tl.a: [3]
    cexit.o                      10
    cmain.o                      30
    cstartup_M.o                 12
    data_init.o                  40
    packbits_init_single.o       60
    -------------------------------------------------
    Total:                      152

shb_l.a: [4]
    exit.o                       20
    -------------------------------------------------
    Total:                       20

    Gaps                          8
    Linker created                        16    4 096
-----------------------------------------------------
    Grand Total:              2 676       25    4 144


*******************************************************************************
*** ENTRY LIST
***

Entry                       Address   Size  Type      Object
-----                       -------   ----  ----      ------
.iar.init_table$$Base         0x984          --   Gb  - Linker created -
.iar.init_table$$Limit        0x994          --   Gb  - Linker created -
?main                         0x995         Code  Gb  cmain.o [3]
ADC_IRQHandler                0x905    0x2  Code  Gb  MDR1986VE1T_IT.o [1]
ARINC429R_IRQHandler          0x807    0x2  Code  Gb  MDR1986VE1T_IT.o [1]
ARINC429T1_IRQHandler         0x90d    0x2  Code  Gb  MDR1986VE1T_IT.o [1]
ARINC429T2_IRQHandler         0x90f    0x2  Code  Gb  MDR1986VE1T_IT.o [1]
ARINC429T3_IRQHandler         0x911    0x2  Code  Gb  MDR1986VE1T_IT.o [1]
ARINC429T4_IRQHandler         0x913    0x2  Code  Gb  MDR1986VE1T_IT.o [1]
BKP_IRQHandler                0x915    0x2  Code  Gb  MDR1986VE1T_IT.o [1]
BUSY_IRQHandler               0x805    0x2  Code  Gb  MDR1986VE1T_IT.o [1]
CAN1_IRQHandler               0x7f9    0x2  Code  Gb  MDR1986VE1T_IT.o [1]
CAN2_IRQHandler               0x7fb    0x2  Code  Gb  MDR1986VE1T_IT.o [1]
CSTACK$$Base            0x2000'0030          --   Gb  - Linker created -
CSTACK$$Limit           0x2000'1030          --   Gb  - Linker created -
DMA_IRQHandler                0x7fd    0x2  Code  Gb  MDR1986VE1T_IT.o [1]
ETHERNET_IRQHandler           0x907    0x2  Code  Gb  MDR1986VE1T_IT.o [1]
EXT_INT1_IRQHandler           0x917    0x2  Code  Gb  MDR1986VE1T_IT.o [1]
EXT_INT2_IRQHandler           0x919    0x2  Code  Gb  MDR1986VE1T_IT.o [1]
EXT_INT3_IRQHandler           0x91b    0x2  Code  Gb  MDR1986VE1T_IT.o [1]
EXT_INT4_IRQHandler           0x91d    0x2  Code  Gb  MDR1986VE1T_IT.o [1]
FILTER_CONST            0x2000'002e    0x1  Data  Gb  MDR1986VE1T_IT.o [1]
GPIO_Init                     0x1b3   0x96  Code  Gb  main.o [1]
HardFault_Handler             0x7eb    0x4  Code  Gb  MDR1986VE1T_IT.o [1]
IN_Buf                  0x2000'0010    0x4  Data  Gb  main.o [1]
IN_Fault1               0x2000'0008    0x4  Data  Gb  main.o [1]
IN_Fault2               0x2000'000c    0x4  Data  Gb  main.o [1]
IN_State                0x2000'0004    0x4  Data  Gb  main.o [1]
LED_State               0x2000'0014    0x4  Data  Gb  main.o [1]
Led_Pin                       0x37d   0xb8  Code  Gb  main.o [1]
MIL_STD_1553B1_IRQHandler
                              0x7f7    0x2  Code  Gb  MDR1986VE1T_IT.o [1]
MIL_STD_1553B2_IRQHandler
                              0x7f5    0x2  Code  Gb  MDR1986VE1T_IT.o [1]
NMI_Handler                   0x7e9    0x2  Code  Gb  MDR1986VE1T_IT.o [1]
NVIC_EnableIRQ                 0xc1    0xe  Code  Lc  main.o [1]
PORT_Init                     0x555  0x10e  Code  Gb  MDR32F9Qx_port.o [1]
PORT_ReadInputDataBit         0x685   0x16  Code  Gb  MDR32F9Qx_port.o [1]
PORT_StructInit               0x663   0x1a  Code  Gb  MDR32F9Qx_port.o [1]
PORT_ToggleBit                0x69b   0x20  Code  Gb  MDR32F9Qx_port.o [1]
POWER_IRQHandler              0x809    0x2  Code  Gb  MDR1986VE1T_IT.o [1]
PendSV_Handler                0x7f1    0x2  Code  Gb  MDR1986VE1T_IT.o [1]
RST_CLK_PCLKcmd               0x6bd   0x1e  Code  Gb  MDR32F9Qx_rst_clk.o [1]
Read_Pin                      0x2b5   0x32  Code  Gb  main.o [1]
Region$$Table$$Base           0x984          --   Gb  - Linker created -
Region$$Table$$Limit          0x994          --   Gb  - Linker created -
SSP1_IRQHandler               0x803    0x2  Code  Gb  MDR1986VE1T_IT.o [1]
SSP2_IRQHandler               0x90b    0x2  Code  Gb  MDR1986VE1T_IT.o [1]
SSP3_IRQHandler               0x909    0x2  Code  Gb  MDR1986VE1T_IT.o [1]
SVC_Handler                   0x7ef    0x2  Code  Gb  MDR1986VE1T_IT.o [1]
SWITCH_State            0x2000'0018    0x4  Data  Gb  main.o [1]
S_cnt                   0x2000'002a    0x2  Data  Gb  main.o [1]
SysTick_Handler               0x7f3    0x2  Code  Gb  MDR1986VE1T_IT.o [1]
SystemCoreClock         0x2000'0000    0x4  Data  Gb  system_MDR1986VE1T.o [1]
SystemCoreClockUpdate         0x461   0x80  Code  Gb  system_MDR1986VE1T.o [1]
SystemInit                    0x4e1   0x48  Code  Gb  system_MDR1986VE1T.o [1]
TIMER_BRGInit                 0x753   0x76  Code  Gb  MDR32F9Qx_timer.o [1]
TIMER_ClearFlag               0x735    0x8  Code  Gb  MDR32F9Qx_timer.o [1]
TIMER_Cmd                     0x719   0x1c  Code  Gb  MDR32F9Qx_timer.o [1]
TIMER_CntInit                 0x6e1   0x38  Code  Gb  MDR32F9Qx_timer.o [1]
TIMER_ITConfig                0x73d   0x16  Code  Gb  MDR32F9Qx_timer.o [1]
Test_Pin                      0x2e7   0x26  Code  Gb  main.o [1]
Test_Pin_Start1               0x30d    0xe  Code  Gb  main.o [1]
Test_Pin_Start2               0x339    0xe  Code  Gb  main.o [1]
Test_Pin_Stop1                0x325    0xe  Code  Gb  main.o [1]
Test_Pin_Stop2                0x351    0xe  Code  Gb  main.o [1]
Timer1_IRQHandler             0x80f   0xc2  Code  Gb  MDR1986VE1T_IT.o [1]
Timer1_Init                   0x249   0x6c  Code  Gb  main.o [1]
Timer2_IRQHandler             0x901    0x2  Code  Gb  MDR1986VE1T_IT.o [1]
Timer3_IRQHandler             0x903    0x2  Code  Gb  MDR1986VE1T_IT.o [1]
Timer4_IRQHandler             0x80d    0x2  Code  Gb  MDR1986VE1T_IT.o [1]
UART1_IRQHandler              0x7ff    0x2  Code  Gb  MDR1986VE1T_IT.o [1]
UART2_IRQHandler              0x801    0x2  Code  Gb  MDR1986VE1T_IT.o [1]
WWDG_IRQHandler               0x80b    0x2  Code  Gb  MDR1986VE1T_IT.o [1]
__cmain                       0x995         Code  Gb  cmain.o [3]
__exit                        0x9c9   0x14  Code  Gb  exit.o [4]
__iar_data_init3              0x95d   0x28  Code  Gb  data_init.o [3]
__iar_packbits_init_single3
                              0x91f   0x3c  Code  Gb  packbits_init_single.o [3]
__iar_program_start           0x9ed         Code  Gb  cstartup_M.o [3]
__vector_table                  0x0         Data  Gb  startup_MDR1986VE1T.o [1]
_call_main                    0x9a1         Code  Gb  cmain.o [3]
_exit                         0x9bd         Code  Gb  cexit.o [3]
_main                         0x9af         Code  Gb  cmain.o [3]
buf_state               0x2000'002f    0x1  Data  Gb  main.o [1]
cnt                     0x2000'001c    0x4  Data  Gb  main.o [1]
cnt_impl                0x2000'0020    0x4  Data  Gb  main.o [1]
exit                          0x9b3    0x8  Code  Gb  exit.o [2]
main                           0xcf   0xe4  Code  Gb  main.o [1]
spi_data                0x2000'002c    0x2  Data  Gb  main.o [1]
tmr_led                 0x2000'0024    0x4  Data  Gb  MDR1986VE1T_IT.o [1]
togle_led               0x2000'0028    0x2  Data  Gb  main.o [1]


[1] = C:\Users\Sokolov\Documents\GitHub\BLDC_stand\MILANDR_PLC_IO\Debug\Obj
[2] = dl6M_tln.a
[3] = rt6M_tl.a
[4] = shb_l.a

  2 676 bytes of readonly  code memory
     25 bytes of readonly  data memory
  4 144 bytes of readwrite data memory

Errors: none
Warnings: none
